// Jest Snapshot v1, https://goo.gl/fbAQLP

exports[`Test basic rendering CategroyDataList renders 1`] = `
<div
  className="listStyle"
>
  <table>
    <tbody>
      <tr>
        <td>
          Apple
        </td>
        <td>
          <button
            disabled={false}
            onBlur={[Function]}
            onClick={[Function]}
            onFocus={[Function]}
            onKeyDown={[Function]}
            onKeyUp={[Function]}
            onMouseEnter={[Function]}
            onMouseLeave={[Function]}
            onTouchStart={[Function]}
            style={
              Object {
                "WebkitTapHighlightColor": "rgba(0, 0, 0, 0)",
                "backgroundColor": "rgba(0, 0, 0, 0)",
                "border": 10,
                "borderRadius": 2,
                "boxSizing": "border-box",
                "color": "#ff4081",
                "cursor": "pointer",
                "display": "inline-block",
                "fontFamily": "Roboto, sans-serif",
                "fontSize": "inherit",
                "fontWeight": "inherit",
                "height": 36,
                "lineHeight": "36px",
                "margin": 0,
                "minWidth": 88,
                "muiPrepared": true,
                "outline": "none",
                "overflow": "hidden",
                "padding": 0,
                "position": "relative",
                "textAlign": "center",
                "textDecoration": "none",
                "transition": "all 450ms cubic-bezier(0.23, 1, 0.32, 1) 0ms",
                "userSelect": "none",
                "verticalAlign": null,
              }
            }
            tabIndex={0}
            type="button"
          >
            <div
              onMouseDown={[Function]}
              onMouseLeave={[Function]}
              onMouseUp={[Function]}
              onTouchEnd={[Function]}
              onTouchStart={[Function]}
            >
              <span
                style={
                  Object {
                    "fontSize": 14,
                    "fontWeight": 500,
                    "letterSpacing": 0,
                    "muiPrepared": true,
                    "paddingLeft": 16,
                    "paddingRight": 16,
                    "position": "relative",
                    "textTransform": "uppercase",
                    "verticalAlign": "middle",
                  }
                }
              >
                Delete
              </span>
            </div>
          </button>
        </td>
      </tr>
      <tr>
        <td>
          Orange
        </td>
        <td>
          <button
            disabled={false}
            onBlur={[Function]}
            onClick={[Function]}
            onFocus={[Function]}
            onKeyDown={[Function]}
            onKeyUp={[Function]}
            onMouseEnter={[Function]}
            onMouseLeave={[Function]}
            onTouchStart={[Function]}
            style={
              Object {
                "WebkitTapHighlightColor": "rgba(0, 0, 0, 0)",
                "backgroundColor": "rgba(0, 0, 0, 0)",
                "border": 10,
                "borderRadius": 2,
                "boxSizing": "border-box",
                "color": "#ff4081",
                "cursor": "pointer",
                "display": "inline-block",
                "fontFamily": "Roboto, sans-serif",
                "fontSize": "inherit",
                "fontWeight": "inherit",
                "height": 36,
                "lineHeight": "36px",
                "margin": 0,
                "minWidth": 88,
                "muiPrepared": true,
                "outline": "none",
                "overflow": "hidden",
                "padding": 0,
                "position": "relative",
                "textAlign": "center",
                "textDecoration": "none",
                "transition": "all 450ms cubic-bezier(0.23, 1, 0.32, 1) 0ms",
                "userSelect": "none",
                "verticalAlign": null,
              }
            }
            tabIndex={0}
            type="button"
          >
            <div
              onMouseDown={[Function]}
              onMouseLeave={[Function]}
              onMouseUp={[Function]}
              onTouchEnd={[Function]}
              onTouchStart={[Function]}
            >
              <span
                style={
                  Object {
                    "fontSize": 14,
                    "fontWeight": 500,
                    "letterSpacing": 0,
                    "muiPrepared": true,
                    "paddingLeft": 16,
                    "paddingRight": 16,
                    "position": "relative",
                    "textTransform": "uppercase",
                    "verticalAlign": "middle",
                  }
                }
              >
                Delete
              </span>
            </div>
          </button>
        </td>
      </tr>
      <tr>
        <td>
          tomato
        </td>
        <td>
          <button
            disabled={false}
            onBlur={[Function]}
            onClick={[Function]}
            onFocus={[Function]}
            onKeyDown={[Function]}
            onKeyUp={[Function]}
            onMouseEnter={[Function]}
            onMouseLeave={[Function]}
            onTouchStart={[Function]}
            style={
              Object {
                "WebkitTapHighlightColor": "rgba(0, 0, 0, 0)",
                "backgroundColor": "rgba(0, 0, 0, 0)",
                "border": 10,
                "borderRadius": 2,
                "boxSizing": "border-box",
                "color": "#ff4081",
                "cursor": "pointer",
                "display": "inline-block",
                "fontFamily": "Roboto, sans-serif",
                "fontSize": "inherit",
                "fontWeight": "inherit",
                "height": 36,
                "lineHeight": "36px",
                "margin": 0,
                "minWidth": 88,
                "muiPrepared": true,
                "outline": "none",
                "overflow": "hidden",
                "padding": 0,
                "position": "relative",
                "textAlign": "center",
                "textDecoration": "none",
                "transition": "all 450ms cubic-bezier(0.23, 1, 0.32, 1) 0ms",
                "userSelect": "none",
                "verticalAlign": null,
              }
            }
            tabIndex={0}
            type="button"
          >
            <div
              onMouseDown={[Function]}
              onMouseLeave={[Function]}
              onMouseUp={[Function]}
              onTouchEnd={[Function]}
              onTouchStart={[Function]}
            >
              <span
                style={
                  Object {
                    "fontSize": 14,
                    "fontWeight": 500,
                    "letterSpacing": 0,
                    "muiPrepared": true,
                    "paddingLeft": 16,
                    "paddingRight": 16,
                    "position": "relative",
                    "textTransform": "uppercase",
                    "verticalAlign": "middle",
                  }
                }
              >
                Delete
              </span>
            </div>
          </button>
        </td>
      </tr>
    </tbody>
  </table>
</div>
`;
