exports[`Component: App should match its empty snapshot 1`] = `
<div>
  <form
    className="App"
    onSubmit={[Function]}>
    <input
      onChange={[Function]}
      type="text"
      value="" />
    <button>
      Submit
    </button>
  </form>
  <ul />
</div>
`;
