exports[`test should match its snapshot with items 1`] = `
<ul>
  <li>
    Learn react
  </li>
  <li>
    rest
  </li>
  <li>
    go out
  </li>
</ul>
`;

exports[`test should render a todo item  1`] = `<ul />`;
